C51 COMPILER V9.60.0.0   MAIN                                                              05/02/2022 15:15:38 PAGE 1   


C51 COMPILER V9.60.0.0, COMPILATION OF MODULE MAIN
OBJECT MODULE PLACED IN .\Objects\main.obj
COMPILER INVOKED BY: C:\Keil_v5\C51\BIN\C51.EXE main.c OPTIMIZE(8,SPEED) BROWSE DEBUG OBJECTEXTEND PRINT(.\Listings\main
                    -.lst) TABS(2) OBJECT(.\Objects\main.obj)

line level    source

   1          #include <REG517A.H>
   2          #include <REG517A.H>
   3          
   4          char valueSerial;
   5          
   6          unsigned char luTable[] = 
   7          {
   8            0xFF, 0xE0, 0xD0, 0xC0, 0xB0, 0xA0, 0x90, 0x60, 0x30, 0x00
   9          };
  10          
  11          
  12          void initializeSerial(){  // Using UART 1
  13   1        S0RELH = 0x03;
  14   1        S0RELL = 0xD9;
  15   1        BD = 1;
  16   1        S0CON |= 0x50;
  17   1        TMOD  = (TMOD&0x0F) | 0x20;
  18   1        ES0 = 1;  
  19   1      }
  20          
  21          void initializeCTimer(){
  22   1        CTCON = CTCON&0xF8;
  23   1        CTRELH = 0x0FF;
  24   1        CTRELL = 0x00;
  25   1        CMEN = 0xFF;
  26   1        CMSEL = 0xFF;
  27   1        CMH0 = CMH1 = CMH2 = CMH3 = CMH4 = CMH5 = CMH6 = CMH7 = 0xFF;
  28   1        CML0 = CML1 = CML2 = CML3 = CML4 = CML5 = CML6 = CML7 = 0x00;
  29   1      }
  30          
  31          void interruptSerial (void) interrupt 4{
  32   1        valueSerial = S0BUF - '0';
  33   1        RI0 = 0;
  34   1        CML0 = CML1 = CML2 = CML3 = CML4 = CML5 = CML6 = CML7 = luTable[valueSerial];
  35   1      }
  36          
  37          int main(){
  38   1        initializeSerial();
  39   1        initializeCTimer();
  40   1        EAL = 1;
  41   1        while(1){
  42   2        }
  43   1      }


MODULE INFORMATION:   STATIC OVERLAYABLE
   CODE SIZE        =    132    ----
   CONSTANT SIZE    =   ----    ----
   XDATA SIZE       =   ----    ----
   PDATA SIZE       =   ----    ----
   DATA SIZE        =     11    ----
   IDATA SIZE       =   ----    ----
   BIT SIZE         =   ----    ----
END OF MODULE INFORMATION.

C51 COMPILER V9.60.0.0   MAIN                                                              05/02/2022 15:15:38 PAGE 2   


C51 COMPILATION COMPLETE.  0 WARNING(S),  0 ERROR(S)
