C51 COMPILER V9.60.0.0   MAIN                                                              04/18/2022 14:33:47 PAGE 1   


C51 COMPILER V9.60.0.0, COMPILATION OF MODULE MAIN
OBJECT MODULE PLACED IN .\Objects\main.obj
COMPILER INVOKED BY: C:\Keil_v5\C51\BIN\C51.EXE main.c OPTIMIZE(8,SPEED) BROWSE DEBUG OBJECTEXTEND PRINT(.\Listings\main
                    -.lst) TABS(2) OBJECT(.\Objects\main.obj)

line level    source

   1          #include <REG517A.H>
   2          
   3          char valueSerial;
   4          
   5          char luTable[] = 
   6          {
   7            0x00, 0x30, 0x60, 0x90, 0xB0, 0xD0, 0xE0, 0xF0, 0xFF 
   8          };
   9          
  10          
  11          void initialize(){  // Using UART 1
  12   1        S0CON |= 0x50;
  13   1        TMOD  = 0x20;
  14   1        IEN0  = 0x98; 
  15   1      }
  16          
  17          void intSerial (void) interrupt 4{
  18   1        IEN0 = 0x00;
  19   1        valueSerial = S0BUF;
  20   1        RI0 = 0;
  21   1        IEN0 = 0x98;
  22   1        
  23   1      }
  24          
  25          void setupInterrupt(){
  26   1        IEN2 |= 0x98;
  27   1      }
  28          
  29          void setupCTimer(){
  30   1        CTCON |= 0x08;
  31   1        CTRELH = 0x0FF;
  32   1        CTRELL = 0x00;
  33   1        CMSEL |= 0x01;
  34   1      }
  35          
  36          void interruptCompare (void) interrupt 19{
  37   1        CM0 = luTable[valueSerial];
  38   1      }
  39            
  40          
  41          int main(){
  42   1        
  43   1        initialize();
  44   1        setupInterrupt();
  45   1        setupCTimer();
  46   1        
  47   1        while(1){
  48   2        }
  49   1        
  50   1      }


MODULE INFORMATION:   STATIC OVERLAYABLE
   CODE SIZE        =     84    ----
C51 COMPILER V9.60.0.0   MAIN                                                              04/18/2022 14:33:47 PAGE 2   

   CONSTANT SIZE    =   ----    ----
   XDATA SIZE       =   ----    ----
   PDATA SIZE       =   ----    ----
   DATA SIZE        =     10    ----
   IDATA SIZE       =   ----    ----
   BIT SIZE         =   ----    ----
END OF MODULE INFORMATION.


C51 COMPILATION COMPLETE.  0 WARNING(S),  0 ERROR(S)
